// Jest Snapshot v1, https://goo.gl/fbAQLP

exports[`<SignIn /> matches its snapshot 1`] = `
<SignIn>
  <Wrapper>
    <div
      className="wrapper"
    >
      <h1>
        Sign In
      </h1>
      <SignIn>
        <fieldset>
          <section>
            <label
              htmlFor="username"
            >
              Username
            </label>
            <Input
              name="name"
              onChange={[Function]}
              type="text"
              value=""
            >
              <input
                className="input"
                name="name"
                onChange={[Function]}
                type="text"
                value=""
              />
            </Input>
          </section>
          <section>
            <label
              htmlFor="password"
            >
              Password
            </label>
            <Input
              name="password"
              onChange={[Function]}
              type="password"
              value=""
            >
              <input
                className="input"
                name="password"
                onChange={[Function]}
                type="password"
                value=""
              />
            </Input>
          </section>
          <Button
            onClick={[Function]}
          >
            <button
              className="button"
              onClick={[Function]}
              type="button"
            >
              Submit
            </button>
          </Button>
        </fieldset>
      </SignIn>
    </div>
  </Wrapper>
</SignIn>
`;
